C:\Users\wuhan\Desktop\accelerate\implementation\system.ngc 1527407449
C:/Users/wuhan/Desktop/accelerate/implementation/system_rs232_wrapper.ngc 1527407302
C:/Users/wuhan/Desktop/accelerate/implementation/system_proc_sys_reset_0_wrapper.ngc 1527407190
C:/Users/wuhan/Desktop/accelerate/implementation/system_clock_generator_0_wrapper.ngc 1527407411
C:/Users/wuhan/Desktop/accelerate/implementation/system_microblaze_0_ilmb_wrapper.ngc 1527407397
C:/Users/wuhan/Desktop/accelerate/implementation/system_microblaze_0_dlmb_wrapper.ngc 1527407401
C:/Users/wuhan/Desktop/accelerate/implementation/system_plb_v46_0_wrapper.ngc 1527407352
C:/Users/wuhan/Desktop/accelerate/implementation/system_axi4lite_0_wrapper.ngc 1527407416
C:/Users/wuhan/Desktop/accelerate/implementation/system_microblaze_0_wrapper.ngc 1527407407
C:/Users/wuhan/Desktop/accelerate/implementation/system_xps_tft_0_wrapper.ngc 1527407425
C:/Users/wuhan/Desktop/accelerate/implementation/system_microblaze_0_i_bram_ctrl_wrapper.ngc 1527407204
C:/Users/wuhan/Desktop/accelerate/implementation/system_microblaze_0_d_bram_ctrl_wrapper.ngc 1527407221
C:/Users/wuhan/Desktop/accelerate/implementation/system_xps_mch_emc_0_wrapper.ngc 1527407383
C:/Users/wuhan/Desktop/accelerate/implementation/system_axi_intc_0_wrapper.ngc 1527407392
C:/Users/wuhan/Desktop/accelerate/implementation/system_debug_module_wrapper.ngc 1527407274
C:/Users/wuhan/Desktop/accelerate/implementation/system_generic_spi_wrapper.ngc 1527407314
C:/Users/wuhan/Desktop/accelerate/implementation/system_axi_gpio_0_wrapper.ngc 1527407324
C:/Users/wuhan/Desktop/accelerate/implementation/system_axi_plbv46_bridge_0_wrapper.ngc 1527407420
C:/Users/wuhan/Desktop/accelerate/implementation/system_axi_timer_0_wrapper.ngc 1527407342
C:/Users/wuhan/Desktop/accelerate/implementation/system_microblaze_0_bram_block_wrapper.ngc 1527407237
OK
